// Jest Snapshot v1, https://goo.gl/fbAQLP

exports[`kol-breadcrumb should render with _label="Aria-Label" _links=[{"_href":"www.google.de","_label":"Label"}] 1`] = `
<kol-breadcrumb class="kol-breadcrumb">
  <template shadowrootmode="open">
    <nav aria-label="Aria-Label">
      <ul>
        <li>
          <span>
            Label
          </span>
        </li>
      </ul>
    </nav>
  </template>
</kol-breadcrumb>
`;
