// Jest Snapshot v1, https://goo.gl/fbAQLP

exports[`kol-input-color should render with _label="Label" _name="field" _placeholder="Hier steht ein Platzhaltertext" _value="#FFF" _accessKey="V" 1`] = `
<kol-input-color _placeholder="Hier steht ein Platzhaltertext" class="kol-input-color">
  <template shadowrootmode="open">
    <kol-input _accesskey="V" _hint="" _id="id-nonce" _label="Label" _tooltipalign="top" class="color" role="presentation">
      <span slot="label">
        Label
        <span aria-hidden="true" class="access-key-hint">
          V
        </span>
      </span>
      <div slot="input">
        <input accesskey="V" autocapitalize="off" autocomplete="off" autocorrect="off" id="id-nonce" name="field" slot="input" spellcheck="false" type="color" value="#FFF">
      </div>
    </kol-input>
  </template>
</kol-input-color>
`;

exports[`kol-input-color should render with _label="Label" _name="field" _placeholder="Hier steht ein Platzhaltertext" _value="#FFF" _alert=true 1`] = `
<kol-input-color _alert="" _placeholder="Hier steht ein Platzhaltertext" class="kol-input-color">
  <template shadowrootmode="open">
    <kol-input _alert="" _hint="" _id="id-nonce" _label="Label" _tooltipalign="top" class="color" role="presentation">
      <span slot="label">
        <span>
          Label
        </span>
      </span>
      <div slot="input">
        <input autocapitalize="off" autocomplete="off" autocorrect="off" id="id-nonce" name="field" slot="input" spellcheck="false" type="color" value="#FFF">
      </div>
    </kol-input>
  </template>
</kol-input-color>
`;

exports[`kol-input-color should render with _label="Label" _name="field" _placeholder="Hier steht ein Platzhaltertext" _value="#FFF" _disabled=true 1`] = `
<kol-input-color _placeholder="Hier steht ein Platzhaltertext" class="kol-input-color">
  <template shadowrootmode="open">
    <kol-input _disabled="" _hint="" _id="id-nonce" _label="Label" _tooltipalign="top" class="color" role="presentation">
      <span slot="label">
        <span>
          Label
        </span>
      </span>
      <div slot="input">
        <input autocapitalize="off" autocomplete="off" autocorrect="off" disabled="" id="id-nonce" name="field" slot="input" spellcheck="false" type="color" value="#FFF">
      </div>
    </kol-input>
  </template>
</kol-input-color>
`;

exports[`kol-input-color should render with _label="Label" _name="field" _placeholder="Hier steht ein Platzhaltertext" _value="#FFF" _hint="Hint" 1`] = `
<kol-input-color _placeholder="Hier steht ein Platzhaltertext" class="kol-input-color">
  <template shadowrootmode="open">
    <kol-input _hint="Hint" _id="id-nonce" _label="Label" _tooltipalign="top" class="color" role="presentation">
      <span slot="label">
        <span>
          Label
        </span>
      </span>
      <div slot="input">
        <input aria-describedby="id-nonce-hint" autocapitalize="off" autocomplete="off" autocorrect="off" id="id-nonce" name="field" slot="input" spellcheck="false" type="color" value="#FFF">
      </div>
    </kol-input>
  </template>
</kol-input-color>
`;

exports[`kol-input-color should render with _label="Label" _name="field" _placeholder="Hier steht ein Platzhaltertext" _value="#FFF" _icons={"left":{"icon":"codicon codicon-arrow-left"},"right":{"icon":"codicon codicon-arrow-right"}} 1`] = `
<kol-input-color _placeholder="Hier steht ein Platzhaltertext" class="kol-input-color">
  <template shadowrootmode="open">
    <kol-input _hint="" _id="id-nonce" _label="Label" _tooltipalign="top" class="color" role="presentation">
      <span slot="label">
        <span>
          Label
        </span>
      </span>
      <div slot="input">
        <input autocapitalize="off" autocomplete="off" autocorrect="off" id="id-nonce" name="field" slot="input" spellcheck="false" type="color" value="#FFF">
      </div>
    </kol-input>
  </template>
</kol-input-color>
`;

exports[`kol-input-color should render with _label="Label" _name="field" _placeholder="Hier steht ein Platzhaltertext" _value="#FFF" _icons={"left":{"icon":"codicon codicon-arrow-left"}} 1`] = `
<kol-input-color _placeholder="Hier steht ein Platzhaltertext" class="kol-input-color">
  <template shadowrootmode="open">
    <kol-input _hint="" _id="id-nonce" _label="Label" _tooltipalign="top" class="color" role="presentation">
      <span slot="label">
        <span>
          Label
        </span>
      </span>
      <div slot="input">
        <input autocapitalize="off" autocomplete="off" autocorrect="off" id="id-nonce" name="field" slot="input" spellcheck="false" type="color" value="#FFF">
      </div>
    </kol-input>
  </template>
</kol-input-color>
`;

exports[`kol-input-color should render with _label="Label" _name="field" _placeholder="Hier steht ein Platzhaltertext" _value="#FFF" _icons={"right":{"icon":"codicon codicon-arrow-right"}} 1`] = `
<kol-input-color _placeholder="Hier steht ein Platzhaltertext" class="kol-input-color">
  <template shadowrootmode="open">
    <kol-input _hint="" _id="id-nonce" _label="Label" _tooltipalign="top" class="color" role="presentation">
      <span slot="label">
        <span>
          Label
        </span>
      </span>
      <div slot="input">
        <input autocapitalize="off" autocomplete="off" autocorrect="off" id="id-nonce" name="field" slot="input" spellcheck="false" type="color" value="#FFF">
      </div>
    </kol-input>
  </template>
</kol-input-color>
`;

exports[`kol-input-color should render with _label="Label" _name="field" _placeholder="Hier steht ein Platzhaltertext" _value="#FFF" _msg={"_type":"error","_description":"Es ist ein Fehler aufgetreten"} _hideError=true 1`] = `
<kol-input-color _hide-error="" _placeholder="Hier steht ein Platzhaltertext" class="kol-input-color">
  <template shadowrootmode="open">
    <kol-input _hideerror="" _hint="" _id="id-nonce" _label="Label" _tooltipalign="top" class="color" role="presentation">
      <span slot="label">
        <span>
          Label
        </span>
      </span>
      <div slot="input">
        <input autocapitalize="off" autocomplete="off" autocorrect="off" id="id-nonce" name="field" slot="input" spellcheck="false" type="color" value="#FFF">
      </div>
    </kol-input>
  </template>
</kol-input-color>
`;

exports[`kol-input-color should render with _label="Label" _name="field" _placeholder="Hier steht ein Platzhaltertext" _value="#FFF" _msg={"_type":"error","_description":"Es ist ein Fehler aufgetreten"} 1`] = `
<kol-input-color _placeholder="Hier steht ein Platzhaltertext" class="kol-input-color">
  <template shadowrootmode="open">
    <kol-input _hint="" _id="id-nonce" _label="Label" _tooltipalign="top" class="color" role="presentation">
      <span slot="label">
        <span>
          Label
        </span>
      </span>
      <div slot="input">
        <input autocapitalize="off" autocomplete="off" autocorrect="off" id="id-nonce" name="field" slot="input" spellcheck="false" type="color" value="#FFF">
      </div>
    </kol-input>
  </template>
</kol-input-color>
`;

exports[`kol-input-color should render with _label="Label" _name="field" _placeholder="Hier steht ein Platzhaltertext" _value="#FFF" _readOnly=true 1`] = `
<kol-input-color _placeholder="Hier steht ein Platzhaltertext" _readonly="" class="kol-input-color">
  <template shadowrootmode="open">
    <kol-input _hint="" _id="id-nonce" _label="Label" _tooltipalign="top" class="color" role="presentation">
      <span slot="label">
        <span>
          Label
        </span>
      </span>
      <div slot="input">
        <input autocapitalize="off" autocomplete="off" autocorrect="off" id="id-nonce" name="field" slot="input" spellcheck="false" type="color" value="#FFF">
      </div>
    </kol-input>
  </template>
</kol-input-color>
`;

exports[`kol-input-color should render with _label="Label" _name="field" _placeholder="Hier steht ein Platzhaltertext" _value="#FFF" _smartButton={"_icons":["codicon codicon-eye"],"_hideLabel":true,"_label":"einblenden"} 1`] = `
<kol-input-color _placeholder="Hier steht ein Platzhaltertext" class="kol-input-color">
  <template shadowrootmode="open">
    <kol-input _hint="" _id="id-nonce" _label="Label" _tooltipalign="top" class="color" role="presentation">
      <span slot="label">
        <span>
          Label
        </span>
      </span>
      <div slot="input">
        <input autocapitalize="off" autocomplete="off" autocorrect="off" id="id-nonce" name="field" slot="input" spellcheck="false" type="color" value="#FFF">
      </div>
    </kol-input>
  </template>
</kol-input-color>
`;

exports[`kol-input-color should render with _label="Label" _name="field" _placeholder="Hier steht ein Platzhaltertext" _value="#FFF" _suggestions=["#F00","#0F0","#00F"] _accessKey="V" 1`] = `
<kol-input-color _placeholder="Hier steht ein Platzhaltertext" class="kol-input-color">
  <template shadowrootmode="open">
    <kol-input _accesskey="V" _hint="" _id="id-nonce" _label="Label" _tooltipalign="top" class="color" role="presentation">
      <span slot="label">
        Label
        <span aria-hidden="true" class="access-key-hint">
          V
        </span>
      </span>
      <div slot="input">
        <input accesskey="V" autocapitalize="off" autocomplete="off" autocorrect="off" id="id-nonce" list="id-nonce-list" name="field" slot="input" spellcheck="false" type="color" value="#FFF">
      </div>
    </kol-input>
  </template>
</kol-input-color>
`;

exports[`kol-input-color should render with _label="Label" _name="field" _placeholder="Hier steht ein Platzhaltertext" _value="#FFF" _suggestions=["#F00","#0F0","#00F"] _alert=true 1`] = `
<kol-input-color _alert="" _placeholder="Hier steht ein Platzhaltertext" class="kol-input-color">
  <template shadowrootmode="open">
    <kol-input _alert="" _hint="" _id="id-nonce" _label="Label" _tooltipalign="top" class="color" role="presentation">
      <span slot="label">
        <span>
          Label
        </span>
      </span>
      <div slot="input">
        <input autocapitalize="off" autocomplete="off" autocorrect="off" id="id-nonce" list="id-nonce-list" name="field" slot="input" spellcheck="false" type="color" value="#FFF">
      </div>
    </kol-input>
  </template>
</kol-input-color>
`;

exports[`kol-input-color should render with _label="Label" _name="field" _placeholder="Hier steht ein Platzhaltertext" _value="#FFF" _suggestions=["#F00","#0F0","#00F"] _disabled=true 1`] = `
<kol-input-color _placeholder="Hier steht ein Platzhaltertext" class="kol-input-color">
  <template shadowrootmode="open">
    <kol-input _disabled="" _hint="" _id="id-nonce" _label="Label" _tooltipalign="top" class="color" role="presentation">
      <span slot="label">
        <span>
          Label
        </span>
      </span>
      <div slot="input">
        <input autocapitalize="off" autocomplete="off" autocorrect="off" disabled="" id="id-nonce" list="id-nonce-list" name="field" slot="input" spellcheck="false" type="color" value="#FFF">
      </div>
    </kol-input>
  </template>
</kol-input-color>
`;

exports[`kol-input-color should render with _label="Label" _name="field" _placeholder="Hier steht ein Platzhaltertext" _value="#FFF" _suggestions=["#F00","#0F0","#00F"] _hint="Hint" 1`] = `
<kol-input-color _placeholder="Hier steht ein Platzhaltertext" class="kol-input-color">
  <template shadowrootmode="open">
    <kol-input _hint="Hint" _id="id-nonce" _label="Label" _tooltipalign="top" class="color" role="presentation">
      <span slot="label">
        <span>
          Label
        </span>
      </span>
      <div slot="input">
        <input aria-describedby="id-nonce-hint" autocapitalize="off" autocomplete="off" autocorrect="off" id="id-nonce" list="id-nonce-list" name="field" slot="input" spellcheck="false" type="color" value="#FFF">
      </div>
    </kol-input>
  </template>
</kol-input-color>
`;

exports[`kol-input-color should render with _label="Label" _name="field" _placeholder="Hier steht ein Platzhaltertext" _value="#FFF" _suggestions=["#F00","#0F0","#00F"] _icons={"left":{"icon":"codicon codicon-arrow-left"},"right":{"icon":"codicon codicon-arrow-right"}} 1`] = `
<kol-input-color _placeholder="Hier steht ein Platzhaltertext" class="kol-input-color">
  <template shadowrootmode="open">
    <kol-input _hint="" _id="id-nonce" _label="Label" _tooltipalign="top" class="color" role="presentation">
      <span slot="label">
        <span>
          Label
        </span>
      </span>
      <div slot="input">
        <input autocapitalize="off" autocomplete="off" autocorrect="off" id="id-nonce" list="id-nonce-list" name="field" slot="input" spellcheck="false" type="color" value="#FFF">
      </div>
    </kol-input>
  </template>
</kol-input-color>
`;

exports[`kol-input-color should render with _label="Label" _name="field" _placeholder="Hier steht ein Platzhaltertext" _value="#FFF" _suggestions=["#F00","#0F0","#00F"] _icons={"left":{"icon":"codicon codicon-arrow-left"}} 1`] = `
<kol-input-color _placeholder="Hier steht ein Platzhaltertext" class="kol-input-color">
  <template shadowrootmode="open">
    <kol-input _hint="" _id="id-nonce" _label="Label" _tooltipalign="top" class="color" role="presentation">
      <span slot="label">
        <span>
          Label
        </span>
      </span>
      <div slot="input">
        <input autocapitalize="off" autocomplete="off" autocorrect="off" id="id-nonce" list="id-nonce-list" name="field" slot="input" spellcheck="false" type="color" value="#FFF">
      </div>
    </kol-input>
  </template>
</kol-input-color>
`;

exports[`kol-input-color should render with _label="Label" _name="field" _placeholder="Hier steht ein Platzhaltertext" _value="#FFF" _suggestions=["#F00","#0F0","#00F"] _icons={"right":{"icon":"codicon codicon-arrow-right"}} 1`] = `
<kol-input-color _placeholder="Hier steht ein Platzhaltertext" class="kol-input-color">
  <template shadowrootmode="open">
    <kol-input _hint="" _id="id-nonce" _label="Label" _tooltipalign="top" class="color" role="presentation">
      <span slot="label">
        <span>
          Label
        </span>
      </span>
      <div slot="input">
        <input autocapitalize="off" autocomplete="off" autocorrect="off" id="id-nonce" list="id-nonce-list" name="field" slot="input" spellcheck="false" type="color" value="#FFF">
      </div>
    </kol-input>
  </template>
</kol-input-color>
`;

exports[`kol-input-color should render with _label="Label" _name="field" _placeholder="Hier steht ein Platzhaltertext" _value="#FFF" _suggestions=["#F00","#0F0","#00F"] _msg={"_type":"error","_description":"Es ist ein Fehler aufgetreten"} _hideError=true 1`] = `
<kol-input-color _hide-error="" _placeholder="Hier steht ein Platzhaltertext" class="kol-input-color">
  <template shadowrootmode="open">
    <kol-input _hideerror="" _hint="" _id="id-nonce" _label="Label" _tooltipalign="top" class="color" role="presentation">
      <span slot="label">
        <span>
          Label
        </span>
      </span>
      <div slot="input">
        <input autocapitalize="off" autocomplete="off" autocorrect="off" id="id-nonce" list="id-nonce-list" name="field" slot="input" spellcheck="false" type="color" value="#FFF">
      </div>
    </kol-input>
  </template>
</kol-input-color>
`;

exports[`kol-input-color should render with _label="Label" _name="field" _placeholder="Hier steht ein Platzhaltertext" _value="#FFF" _suggestions=["#F00","#0F0","#00F"] _msg={"_type":"error","_description":"Es ist ein Fehler aufgetreten"} 1`] = `
<kol-input-color _placeholder="Hier steht ein Platzhaltertext" class="kol-input-color">
  <template shadowrootmode="open">
    <kol-input _hint="" _id="id-nonce" _label="Label" _tooltipalign="top" class="color" role="presentation">
      <span slot="label">
        <span>
          Label
        </span>
      </span>
      <div slot="input">
        <input autocapitalize="off" autocomplete="off" autocorrect="off" id="id-nonce" list="id-nonce-list" name="field" slot="input" spellcheck="false" type="color" value="#FFF">
      </div>
    </kol-input>
  </template>
</kol-input-color>
`;

exports[`kol-input-color should render with _label="Label" _name="field" _placeholder="Hier steht ein Platzhaltertext" _value="#FFF" _suggestions=["#F00","#0F0","#00F"] _readOnly=true 1`] = `
<kol-input-color _placeholder="Hier steht ein Platzhaltertext" _readonly="" class="kol-input-color">
  <template shadowrootmode="open">
    <kol-input _hint="" _id="id-nonce" _label="Label" _tooltipalign="top" class="color" role="presentation">
      <span slot="label">
        <span>
          Label
        </span>
      </span>
      <div slot="input">
        <input autocapitalize="off" autocomplete="off" autocorrect="off" id="id-nonce" list="id-nonce-list" name="field" slot="input" spellcheck="false" type="color" value="#FFF">
      </div>
    </kol-input>
  </template>
</kol-input-color>
`;

exports[`kol-input-color should render with _label="Label" _name="field" _placeholder="Hier steht ein Platzhaltertext" _value="#FFF" _suggestions=["#F00","#0F0","#00F"] _smartButton={"_icons":["codicon codicon-eye"],"_hideLabel":true,"_label":"einblenden"} 1`] = `
<kol-input-color _placeholder="Hier steht ein Platzhaltertext" class="kol-input-color">
  <template shadowrootmode="open">
    <kol-input _hint="" _id="id-nonce" _label="Label" _tooltipalign="top" class="color" role="presentation">
      <span slot="label">
        <span>
          Label
        </span>
      </span>
      <div slot="input">
        <input autocapitalize="off" autocomplete="off" autocorrect="off" id="id-nonce" list="id-nonce-list" name="field" slot="input" spellcheck="false" type="color" value="#FFF">
      </div>
    </kol-input>
  </template>
</kol-input-color>
`;

exports[`kol-input-color should render with _label="Label" _name="field" _placeholder="Hier steht ein Platzhaltertext" _value="#FFF" _suggestions=["#F00","#0F0","#00F"] _touched=true 1`] = `
<kol-input-color _placeholder="Hier steht ein Platzhaltertext" _touched="" class="kol-input-color">
  <template shadowrootmode="open">
    <kol-input _alert="" _hint="" _id="id-nonce" _label="Label" _tooltipalign="top" _touched="" class="color" role="presentation">
      <span slot="label">
        <span>
          Label
        </span>
      </span>
      <div slot="input">
        <input autocapitalize="off" autocomplete="off" autocorrect="off" id="id-nonce" list="id-nonce-list" name="field" slot="input" spellcheck="false" type="color" value="#FFF">
      </div>
    </kol-input>
  </template>
</kol-input-color>
`;

exports[`kol-input-color should render with _label="Label" _name="field" _placeholder="Hier steht ein Platzhaltertext" _value="#FFF" _suggestions=["#F00","#0F0","#00F"] 1`] = `
<kol-input-color _placeholder="Hier steht ein Platzhaltertext" class="kol-input-color">
  <template shadowrootmode="open">
    <kol-input _hint="" _id="id-nonce" _label="Label" _tooltipalign="top" class="color" role="presentation">
      <span slot="label">
        <span>
          Label
        </span>
      </span>
      <div slot="input">
        <input autocapitalize="off" autocomplete="off" autocorrect="off" id="id-nonce" list="id-nonce-list" name="field" slot="input" spellcheck="false" type="color" value="#FFF">
      </div>
    </kol-input>
  </template>
</kol-input-color>
`;

exports[`kol-input-color should render with _label="Label" _name="field" _placeholder="Hier steht ein Platzhaltertext" _value="#FFF" _touched=true 1`] = `
<kol-input-color _placeholder="Hier steht ein Platzhaltertext" _touched="" class="kol-input-color">
  <template shadowrootmode="open">
    <kol-input _alert="" _hint="" _id="id-nonce" _label="Label" _tooltipalign="top" _touched="" class="color" role="presentation">
      <span slot="label">
        <span>
          Label
        </span>
      </span>
      <div slot="input">
        <input autocapitalize="off" autocomplete="off" autocorrect="off" id="id-nonce" name="field" slot="input" spellcheck="false" type="color" value="#FFF">
      </div>
    </kol-input>
  </template>
</kol-input-color>
`;

exports[`kol-input-color should render with _label="Label" _name="field" _placeholder="Hier steht ein Platzhaltertext" _value="#FFF" 1`] = `
<kol-input-color _placeholder="Hier steht ein Platzhaltertext" class="kol-input-color">
  <template shadowrootmode="open">
    <kol-input _hint="" _id="id-nonce" _label="Label" _tooltipalign="top" class="color" role="presentation">
      <span slot="label">
        <span>
          Label
        </span>
      </span>
      <div slot="input">
        <input autocapitalize="off" autocomplete="off" autocorrect="off" id="id-nonce" name="field" slot="input" spellcheck="false" type="color" value="#FFF">
      </div>
    </kol-input>
  </template>
</kol-input-color>
`;
