// Jest Snapshot v1, https://goo.gl/fbAQLP

exports[`kol-tooltip-wc should render with _id="id" _label="Label" _align="bottom" 1`] = `
<kol-tooltip-wc class="kol-tooltip-wc">
  <div class="tooltip-floating">
    <div class="tooltip-area tooltip-arrow"></div>
    <kol-span-wc _label="Label" class="tooltip-area tooltip-content" id="id"></kol-span-wc>
  </div>
</kol-tooltip-wc>
`;

exports[`kol-tooltip-wc should render with _id="id" _label="Label" _align="left" 1`] = `
<kol-tooltip-wc class="kol-tooltip-wc">
  <div class="tooltip-floating">
    <div class="tooltip-area tooltip-arrow"></div>
    <kol-span-wc _label="Label" class="tooltip-area tooltip-content" id="id"></kol-span-wc>
  </div>
</kol-tooltip-wc>
`;

exports[`kol-tooltip-wc should render with _id="id" _label="Label" _align="right" 1`] = `
<kol-tooltip-wc class="kol-tooltip-wc">
  <div class="tooltip-floating">
    <div class="tooltip-area tooltip-arrow"></div>
    <kol-span-wc _label="Label" class="tooltip-area tooltip-content" id="id"></kol-span-wc>
  </div>
</kol-tooltip-wc>
`;

exports[`kol-tooltip-wc should render with _id="id" _label="Label" _align="top" 1`] = `
<kol-tooltip-wc class="kol-tooltip-wc">
  <div class="tooltip-floating">
    <div class="tooltip-area tooltip-arrow"></div>
    <kol-span-wc _label="Label" class="tooltip-area tooltip-content" id="id"></kol-span-wc>
  </div>
</kol-tooltip-wc>
`;

exports[`kol-tooltip-wc should render with _id="id" _label="Label" 1`] = `
<kol-tooltip-wc class="kol-tooltip-wc">
  <div class="tooltip-floating">
    <div class="tooltip-area tooltip-arrow"></div>
    <kol-span-wc _label="Label" class="tooltip-area tooltip-content" id="id"></kol-span-wc>
  </div>
</kol-tooltip-wc>
`;
