// Jest Snapshot v1, https://goo.gl/fbAQLP

exports[`ToastItemFc should render with basic props and status 1`] = `
<div class="settled toast">
  <div class="alert kol-alert kol-alert--card kol-alert--hasCloser kol-alert--info" role="alert">
    <div class="kol-alert__container">
      <kol-icon _icons="codicon codicon-info" _label="kol-info" class="kol-alert__heading-icon"></kol-icon>
      <div class="kol-alert__container-content">
        <strong class="headline headline-strong kol-alert__heading kol-heading-wc">
          Test Toast
        </strong>
      </div>
      <kol-button-wc _ariadescription="Test Toast" _hidelabel="" _label="kol-close-alert" _tooltipalign="left" class="close kol-alert__close-button"></kol-button-wc>
    </div>
    <div class="kol-alert__content">
      <div>
        Test Description
      </div>
    </div>
  </div>
</div>
`;
