// Jest Snapshot v1, https://goo.gl/fbAQLP

exports[`kol-input-password should render with _label="Label" _name="field" _placeholder="Hier steht ein Platzhaltertext" _value="Value" _accessKey="V" 1`] = `
<kol-input-password class="has-value kol-input-password">
  <template shadowrootmode="open">
    <kol-input _accesskey="V" _currentlength="5" _hint="" _id="id-nonce" _label="Label" _tooltipalign="top" class="password" role="presentation">
      <span slot="label">
        Label
        <span aria-hidden="true" class="access-key-hint">
          V
        </span>
      </span>
      <div slot="input">
        <input accesskey="V" autocapitalize="off" autocomplete="off" autocorrect="off" id="id-nonce" name="field" placeholder="Hier steht ein Platzhaltertext" type="password" value="Value">
      </div>
    </kol-input>
  </template>
</kol-input-password>
`;

exports[`kol-input-password should render with _label="Label" _name="field" _placeholder="Hier steht ein Platzhaltertext" _value="Value" _alert=true 1`] = `
<kol-input-password _alert="" class="has-value kol-input-password">
  <template shadowrootmode="open">
    <kol-input _alert="" _currentlength="5" _hint="" _id="id-nonce" _label="Label" _tooltipalign="top" class="password" role="presentation">
      <span slot="label">
        <span>
          Label
        </span>
      </span>
      <div slot="input">
        <input autocapitalize="off" autocomplete="off" autocorrect="off" id="id-nonce" name="field" placeholder="Hier steht ein Platzhaltertext" type="password" value="Value">
      </div>
    </kol-input>
  </template>
</kol-input-password>
`;

exports[`kol-input-password should render with _label="Label" _name="field" _placeholder="Hier steht ein Platzhaltertext" _value="Value" _disabled=true 1`] = `
<kol-input-password class="has-value kol-input-password">
  <template shadowrootmode="open">
    <kol-input _currentlength="5" _disabled="" _hint="" _id="id-nonce" _label="Label" _tooltipalign="top" class="password" role="presentation">
      <span slot="label">
        <span>
          Label
        </span>
      </span>
      <div slot="input">
        <input autocapitalize="off" autocomplete="off" autocorrect="off" disabled="" id="id-nonce" name="field" placeholder="Hier steht ein Platzhaltertext" type="password" value="Value">
      </div>
    </kol-input>
  </template>
</kol-input-password>
`;

exports[`kol-input-password should render with _label="Label" _name="field" _placeholder="Hier steht ein Platzhaltertext" _value="Value" _hint="Hint" 1`] = `
<kol-input-password class="has-value kol-input-password">
  <template shadowrootmode="open">
    <kol-input _currentlength="5" _hint="Hint" _id="id-nonce" _label="Label" _tooltipalign="top" class="password" role="presentation">
      <span slot="label">
        <span>
          Label
        </span>
      </span>
      <div slot="input">
        <input aria-describedby="id-nonce-hint" autocapitalize="off" autocomplete="off" autocorrect="off" id="id-nonce" name="field" placeholder="Hier steht ein Platzhaltertext" type="password" value="Value">
      </div>
    </kol-input>
  </template>
</kol-input-password>
`;

exports[`kol-input-password should render with _label="Label" _name="field" _placeholder="Hier steht ein Platzhaltertext" _value="Value" _icons={"left":{"icon":"codicon codicon-arrow-left"},"right":{"icon":"codicon codicon-arrow-right"}} 1`] = `
<kol-input-password class="has-value kol-input-password">
  <template shadowrootmode="open">
    <kol-input _currentlength="5" _hint="" _id="id-nonce" _label="Label" _tooltipalign="top" class="password" role="presentation">
      <span slot="label">
        <span>
          Label
        </span>
      </span>
      <div slot="input">
        <input autocapitalize="off" autocomplete="off" autocorrect="off" id="id-nonce" name="field" placeholder="Hier steht ein Platzhaltertext" type="password" value="Value">
      </div>
    </kol-input>
  </template>
</kol-input-password>
`;

exports[`kol-input-password should render with _label="Label" _name="field" _placeholder="Hier steht ein Platzhaltertext" _value="Value" _icons={"left":{"icon":"codicon codicon-arrow-left"}} 1`] = `
<kol-input-password class="has-value kol-input-password">
  <template shadowrootmode="open">
    <kol-input _currentlength="5" _hint="" _id="id-nonce" _label="Label" _tooltipalign="top" class="password" role="presentation">
      <span slot="label">
        <span>
          Label
        </span>
      </span>
      <div slot="input">
        <input autocapitalize="off" autocomplete="off" autocorrect="off" id="id-nonce" name="field" placeholder="Hier steht ein Platzhaltertext" type="password" value="Value">
      </div>
    </kol-input>
  </template>
</kol-input-password>
`;

exports[`kol-input-password should render with _label="Label" _name="field" _placeholder="Hier steht ein Platzhaltertext" _value="Value" _icons={"right":{"icon":"codicon codicon-arrow-right"}} 1`] = `
<kol-input-password class="has-value kol-input-password">
  <template shadowrootmode="open">
    <kol-input _currentlength="5" _hint="" _id="id-nonce" _label="Label" _tooltipalign="top" class="password" role="presentation">
      <span slot="label">
        <span>
          Label
        </span>
      </span>
      <div slot="input">
        <input autocapitalize="off" autocomplete="off" autocorrect="off" id="id-nonce" name="field" placeholder="Hier steht ein Platzhaltertext" type="password" value="Value">
      </div>
    </kol-input>
  </template>
</kol-input-password>
`;

exports[`kol-input-password should render with _label="Label" _name="field" _placeholder="Hier steht ein Platzhaltertext" _value="Value" _msg={"_type":"error","_description":"Es ist ein Fehler aufgetreten"} _hideError=true 1`] = `
<kol-input-password _hide-error="" class="has-value kol-input-password">
  <template shadowrootmode="open">
    <kol-input _currentlength="5" _hideerror="" _hint="" _id="id-nonce" _label="Label" _tooltipalign="top" class="password" role="presentation">
      <span slot="label">
        <span>
          Label
        </span>
      </span>
      <div slot="input">
        <input autocapitalize="off" autocomplete="off" autocorrect="off" id="id-nonce" name="field" placeholder="Hier steht ein Platzhaltertext" type="password" value="Value">
      </div>
    </kol-input>
  </template>
</kol-input-password>
`;

exports[`kol-input-password should render with _label="Label" _name="field" _placeholder="Hier steht ein Platzhaltertext" _value="Value" _msg={"_type":"error","_description":"Es ist ein Fehler aufgetreten"} 1`] = `
<kol-input-password class="has-value kol-input-password">
  <template shadowrootmode="open">
    <kol-input _currentlength="5" _hint="" _id="id-nonce" _label="Label" _tooltipalign="top" class="password" role="presentation">
      <span slot="label">
        <span>
          Label
        </span>
      </span>
      <div slot="input">
        <input autocapitalize="off" autocomplete="off" autocorrect="off" id="id-nonce" name="field" placeholder="Hier steht ein Platzhaltertext" type="password" value="Value">
      </div>
    </kol-input>
  </template>
</kol-input-password>
`;

exports[`kol-input-password should render with _label="Label" _name="field" _placeholder="Hier steht ein Platzhaltertext" _value="Value" _readOnly=true 1`] = `
<kol-input-password class="has-value kol-input-password">
  <template shadowrootmode="open">
    <kol-input _currentlength="5" _hint="" _id="id-nonce" _label="Label" _readonly="" _tooltipalign="top" class="password" role="presentation">
      <span slot="label">
        <span>
          Label
        </span>
      </span>
      <div slot="input">
        <input autocapitalize="off" autocomplete="off" autocorrect="off" id="id-nonce" name="field" placeholder="Hier steht ein Platzhaltertext" readonly="" type="password" value="Value">
      </div>
    </kol-input>
  </template>
</kol-input-password>
`;

exports[`kol-input-password should render with _label="Label" _name="field" _placeholder="Hier steht ein Platzhaltertext" _value="Value" _shortKey="S" 1`] = `
<kol-input-password class="has-value kol-input-password">
  <template shadowrootmode="open">
    <kol-input _currentlength="5" _hint="" _id="id-nonce" _label="Label" _shortkey="S" _tooltipalign="top" class="password" role="presentation">
      <span slot="label">
        Label
        <span aria-hidden="true" class="access-key-hint">
          S
        </span>
      </span>
      <div slot="input">
        <input autocapitalize="off" autocomplete="off" autocorrect="off" id="id-nonce" name="field" placeholder="Hier steht ein Platzhaltertext" type="password" value="Value">
      </div>
    </kol-input>
  </template>
</kol-input-password>
`;

exports[`kol-input-password should render with _label="Label" _name="field" _placeholder="Hier steht ein Platzhaltertext" _value="Value" _smartButton={"_icons":["codicon codicon-eye"],"_hideLabel":true,"_label":"einblenden"} 1`] = `
<kol-input-password class="has-value kol-input-password">
  <template shadowrootmode="open">
    <kol-input _currentlength="5" _hint="" _id="id-nonce" _label="Label" _tooltipalign="top" class="password" role="presentation">
      <span slot="label">
        <span>
          Label
        </span>
      </span>
      <div slot="input">
        <input autocapitalize="off" autocomplete="off" autocorrect="off" id="id-nonce" name="field" placeholder="Hier steht ein Platzhaltertext" type="password" value="Value">
      </div>
    </kol-input>
  </template>
</kol-input-password>
`;

exports[`kol-input-password should render with _label="Label" _name="field" _placeholder="Hier steht ein Platzhaltertext" _value="Value" _touched=true 1`] = `
<kol-input-password _touched="" class="has-value kol-input-password">
  <template shadowrootmode="open">
    <kol-input _alert="" _currentlength="5" _hint="" _id="id-nonce" _label="Label" _tooltipalign="top" _touched="" class="password" role="presentation">
      <span slot="label">
        <span>
          Label
        </span>
      </span>
      <div slot="input">
        <input autocapitalize="off" autocomplete="off" autocorrect="off" id="id-nonce" name="field" placeholder="Hier steht ein Platzhaltertext" type="password" value="Value">
      </div>
    </kol-input>
  </template>
</kol-input-password>
`;

exports[`kol-input-password should render with _label="Label" _name="field" _placeholder="Hier steht ein Platzhaltertext" _value="Value" 1`] = `
<kol-input-password class="has-value kol-input-password">
  <template shadowrootmode="open">
    <kol-input _currentlength="5" _hint="" _id="id-nonce" _label="Label" _tooltipalign="top" class="password" role="presentation">
      <span slot="label">
        <span>
          Label
        </span>
      </span>
      <div slot="input">
        <input autocapitalize="off" autocomplete="off" autocorrect="off" id="id-nonce" name="field" placeholder="Hier steht ein Platzhaltertext" type="password" value="Value">
      </div>
    </kol-input>
  </template>
</kol-input-password>
`;
